MemTotal:        2144364 kB
MemFree:         2207200 kB
MemAvailable:    2654188 kB
Buffers:          146000 kB
Cached:           354176 kB
SwapCached:            0 kB
Active:           317580 kB
Inactive:         438000 kB
Active(anon):     255540 kB
Inactive(anon):    35648 kB
Active(file):      62040 kB
Inactive(file):   402352 kB
Unevictable:           0 kB
Mlocked:               0 kB
HighTotal:       3932160 kB
HighFree:        2175912 kB
LowTotal:         212204 kB
LowFree:           31288 kB
SwapTotal:             0 kB
SwapFree:              0 kB
Dirty:                 0 kB
Writeback:             0 kB
AnonPages:        255420 kB
Mapped:            81892 kB
Shmem:             35788 kB
Slab:              20316 kB
SReclaimable:      10616 kB
SUnreclaim:         9700 kB
KernelStack:        2792 kB
PageTables:         7432 kB
NFS_Unstable:          0 kB
Bounce:                0 kB
WritebackTmp:          0 kB
CommitLimit:     2072180 kB
Committed_AS:     891408 kB
VmallocTotal:     761856 kB
VmallocUsed:       41868 kB
VmallocChunk:     703484 kB
CmaTotal:        2965504 kB
CmaFree:         1427540 kB
